{
  "message": "failed to parse path `address`: failed to parse \"string(Address)\": Invalid account address: Unable to parse AccountAddress (must be hex string that conforms to AIP-40)",
  "error_code": "web_framework_error",
  "vm_error_code": null
}
